bwrap --bind rootfs / --unshare-pid --unshare-net --unshare-ipc --unshare-uts --proc /proc --tmpfs /dev --tmpfs /dev/shm --mqueue /dev/mqueue --hostname mrsdalloway --chdir / --setenv PATH /usr/local/sbin:/usr/local/bin:/usr/sbin:/usr/bin:/sbin:/bin --setenv TERM xterm --exec-label unconfined_u:object_r:user_home_t:s1 --uid 0 --gid 0 sh
